Session: TEMPLATING -> TEMPLATING
Checklist complete: 60 terminal entries (60 analyzed, 0 failed)
============================================================
PAGE TEMPLATE DISCOVERY (Histogram + Signature)
============================================================
Config: /workspace/catalog/.catalog-config.json
Policy
  representative selection: block_cover (max 10)
  merge phase: top-section only (body shape never used in merge gate)
  family_body_split: True
  body matcher: column-shape signature, smaller-side fully paired

PHASE 1: Loading Fingerprints
----------------------------------------
Loaded 60 page fingerprints

PHASE 2: URL Grouping
----------------------------------------
URL grouping: 16 path groups + 6 root singletons
  Group 1 (acesso-a-informacao/__landing__:acoes-e-programas): 1 pages
  Group 2 (acesso-a-informacao/acoes-e-programas): 4 pages
  Group 3 (acesso-a-informacao/__landing__:auditorias): 1 pages
  Group 4 (acesso-a-informacao/auditorias): 4 pages
  Group 5 (acesso-a-informacao): 7 pages
  Group 6 (acesso-a-informacao/__landing__:institucional): 1 pages
  Group 7 (acesso-a-informacao/institucional): 7 pages
  Group 8 (acesso-a-informacao/__landing__:licitacoes-e-contratos): 1 pages
  Group 9 (acesso-a-informacao/licitacoes-e-contratos): 5 pages
  Group 10 (acesso-a-informacao/__landing__:participacao-social): 1 pages
  Group 11 (acesso-a-informacao/participacao-social): 6 pages
  Group 12 (acesso-a-informacao/__landing__:receitas-e-despesas): 1 pages
  Group 13 (acesso-a-informacao/receitas-e-despesas): 8 pages
  Group 14 (acesso-a-informacao/__landing__:servico-de-informacao-ao-cidadao-sic): 1 pages
  Group 15 (acesso-a-informacao/servico-de-informacao-ao-cidadao-sic): 2 pages
  Group 16 (institucional): 4 pages

PHASE 3: Local Seed Validation And Split (layout partition)
----------------------------------------
  Seed group 2 (4p): SPLIT -> 2 groups [3, 1]
    reason: layout-descriptor partition
  Seed group 4 (4p): KEEP
    reason: all pages share a layout descriptor
  Seed group 5 (7p): SPLIT -> 2 groups [6, 1]
    reason: layout-descriptor partition
  Seed group 7 (7p): KEEP
    reason: all pages share a layout descriptor
  Seed group 9 (5p): KEEP
    reason: all pages share a layout descriptor
  Seed group 11 (6p): KEEP
    reason: all pages share a layout descriptor
  Seed group 13 (8p): KEEP
    reason: all pages share a layout descriptor
  Seed group 15 (2p): KEEP
    reason: all pages share a layout descriptor
  Seed group 16 (4p): KEEP
    reason: all pages share a layout descriptor
Layout-descriptor partition: 2 splits

PHASE 4: Template Candidate Merging (top-section only)
----------------------------------------
Singletons before merge: 15

Starting: 24 total (9 clusters, 15 singletons)
Top-section merge gate: layout match (text=subsequence, visual=exact coverage bucket, representative-or-mode). Body split runs in Phase 5.

Merging (single-loop HAC)
  ✓ MERGE: -2 → 13  [sim: 100%]
      https://baixadasantistaenergia.com.br/acesso-a-informacao → https://baixadasantistaenergia.com.br/acesso-a-informacao/receitas-e-despesas/alienacao-de-bens-imoveis
  ✓ MERGE: 1 → 13  [sim: 100%]
      https://baixadasantistaenergia.com.br/acesso-a-informacao/acoes-e-programas → https://baixadasantistaenergia.com.br/acesso-a-informacao
  ✓ MERGE: 3 → 13  [sim: 100%]
      https://baixadasantistaenergia.com.br/acesso-a-informacao/auditorias → https://baixadasantistaenergia.com.br/acesso-a-informacao
  ✓ MERGE: 4 → 13  [sim: 100%]
      https://baixadasantistaenergia.com.br/acesso-a-informacao/auditorias/acoes-de-supervisao-controle-e-correicao → https://baixadasantistaenergia.com.br/acesso-a-informacao
  ✓ MERGE: 5 → 13  [sim: 100%]
      https://baixadasantistaenergia.com.br/acesso-a-informacao/dados-abertos → https://baixadasantistaenergia.com.br/acesso-a-informacao
  ✓ MERGE: 7 → 13  [sim: 100%]
      https://baixadasantistaenergia.com.br/acesso-a-informacao/institucional/agenda-de-autoridades → https://baixadasantistaenergia.com.br/acesso-a-informacao
  ✓ MERGE: 9 → 13  [sim: 100%]
      https://baixadasantistaenergia.com.br/acesso-a-informacao/licitacoes-e-contratos/aditivos → https://baixadasantistaenergia.com.br/acesso-a-informacao
  ✓ MERGE: 10 → 13  [sim: 100%]
      https://baixadasantistaenergia.com.br/acesso-a-informacao/participacao-social → https://baixadasantistaenergia.com.br/acesso-a-informacao
  ✓ MERGE: 11 → 13  [sim: 100%]
      https://baixadasantistaenergia.com.br/acesso-a-informacao/participacao-social/audiencias-publicas → https://baixadasantistaenergia.com.br/acesso-a-informacao
  ✓ MERGE: 12 → 13  [sim: 100%]
      https://baixadasantistaenergia.com.br/acesso-a-informacao/receitas-e-despesas → https://baixadasantistaenergia.com.br/acesso-a-informacao
  ✓ MERGE: 14 → 13  [sim: 100%]
      https://baixadasantistaenergia.com.br/acesso-a-informacao/servico-de-informacao-ao-cidadao-sic → https://baixadasantistaenergia.com.br/acesso-a-informacao
  ✓ MERGE: 15 → 13  [sim: 100%]
      https://baixadasantistaenergia.com.br/acesso-a-informacao/servico-de-informacao-ao-cidadao-sic/balcoes-de-atendimento → https://baixadasantistaenergia.com.br/acesso-a-informacao
  ✓ MERGE: 17 → 13  [sim: 100%]
      https://baixadasantistaenergia.com.br/acesso-a-informacao/acoes-e-programas/programas-finalisticos → https://baixadasantistaenergia.com.br/acesso-a-informacao
  ✓ MERGE: -6 → 16  [sim: 100%]
      https://baixadasantistaenergia.com.br/outras-informacoes → https://baixadasantistaenergia.com.br/institucional/auditoria
  ✓ MERGE: -5 → 16  [sim: 100%]
      https://baixadasantistaenergia.com.br/institucional → https://baixadasantistaenergia.com.br/institucional/auditoria
  ✓ MERGE: -4 → 16  [sim: 100%]
      https://baixadasantistaenergia.com.br/demonstrativos-de-quadro-de-pessoal-e-acordos-coletivos → https://baixadasantistaenergia.com.br/institucional
  ✓ MERGE: -3 → 16  [sim: 100%]
      https://baixadasantistaenergia.com.br/cartas-de-governanca-e-politicas-publicas → https://baixadasantistaenergia.com.br/institucional
  ✓ MERGE: -1 → 16  [sim: 100%]
      https://baixadasantistaenergia.com.br/ → https://baixadasantistaenergia.com.br/institucional
  ✓ MERGE: 2 → 16  [sim: 100%]
      https://baixadasantistaenergia.com.br/acesso-a-informacao/acoes-e-programas/carta-de-servicos → https://baixadasantistaenergia.com.br/
  ✓ MERGE: 6 → 16  [sim: 100%]
      https://baixadasantistaenergia.com.br/acesso-a-informacao/institucional → https://baixadasantistaenergia.com.br/
  ✓ MERGE: 8 → 16  [sim: 100%]
      https://baixadasantistaenergia.com.br/acesso-a-informacao/licitacoes-e-contratos → https://baixadasantistaenergia.com.br/
  ✓ MERGE: 18 → 16  [sim: 100%]
      https://baixadasantistaenergia.com.br/acesso-a-informacao/convenios-e-transferencias → https://baixadasantistaenergia.com.br/
  22 merges total (converged)

==================================================
MERGE SUMMARY
==================================================
Before: 24 clusters
After:  2 clusters (2 multi-page, 0 singletons)
Merged: 22 clusters (48 pages reassigned)
==================================================


PHASE 5: Family Body Split
----------------------------------------
  Family 13: 45p -> 1 template (pair_matches=14/14)
  Family 16: 15p -> 3 templates [12, 2, 1] (pair_matches=7/14)

PHASE 6: Build Template Catalog
----------------------------------------
  Template candidate 13: 45p | representatives 2
  Template candidate 16: 12p | representatives 3
  Template candidate 17: 2p
  Template candidate 18: 1p
Built 4 templates

PHASE 7: Saving Results
----------------------------------------
Saved: /workspace/catalog/.clusters/pages.templates.json
Saved: /workspace/catalog/.clusters/pages.templates.grouped.json
Saved: /workspace/catalog/.clusters/pages.templates.summary.json
Saved: /workspace/catalog/.template-catalog-scoped.json

PHASE 8: Template Report & Migration Bundle
----------------------------------------
  Report stats: 4 templates, 60 pages, 1 singletons, biggest family=45
  Wrote bundle: /workspace/catalog/template-catalog-report-bundle.zip

Session: AWAITING_TUNING

Template discovery complete: 4 templates, 1 singletons. Ready for tuning.
