Session: TEMPLATING -> TEMPLATING
Checklist complete: 249 terminal entries (249 analyzed, 0 failed)
============================================================
PAGE TEMPLATE DISCOVERY (Histogram + Signature)
============================================================
Config: /workspace/catalog/.catalog-config.json
Policy
  representative selection: block_cover (max 10)
  merge phase: top-section only (body shape never used in merge gate)
  family_body_split: True
  body matcher: column-shape signature, smaller-side fully paired

PHASE 1: Loading Fingerprints
----------------------------------------
Loaded 249 page fingerprints

PHASE 2: URL Grouping
----------------------------------------
URL grouping: 12 path groups + 42 root singletons
  Group 1 (cultural): 2 pages
  Group 2 (inovacao-e-tecnologia): 6 pages
  Group 3 (negocios): 6 pages
  Group 4 (para-criancas): 2 pages
  Group 5 (quem-somos): 121 pages
  Group 6 (sustentabilidade): 52 pages
  Group 7 (transicao-energetica): 2 pages
  Group 8 (privacidade-protecao-de-dados): 6 pages
  Group 9 (w/nossas-atividades): 1 pages
  Group 10 (w/web-stories/nossas-atividades): 1 pages
  Group 11 (w/web-stories/transicao-energetica): 7 pages
  Group 12 (w/webstories/sustentabilidade): 1 pages

PHASE 3: Local Seed Validation And Split (layout partition)
----------------------------------------
  Seed group 1 (2p): KEEP
    reason: all pages share a layout descriptor
  Seed group 2 (6p): SPLIT -> 2 groups [4, 2]
    reason: layout-descriptor partition
  Seed group 3 (6p): SPLIT -> 2 groups [4, 2]
    reason: layout-descriptor partition
  Seed group 4 (2p): KEEP
    reason: all pages share a layout descriptor
  Seed group 5 (121p): SPLIT -> 11 groups [52, 27, 18, 10, 4, 3, 2, 2, 1, 1, 1]
    reason: layout-descriptor partition
  Seed group 6 (52p): SPLIT -> 12 groups [14, 12, 9, 7, 2, 2, 1, 1, 1, 1, 1, 1]
    reason: layout-descriptor partition
  Seed group 7 (2p): SPLIT -> 2 groups [1, 1]
    reason: layout-descriptor partition
  Seed group 8 (6p): KEEP
    reason: all pages share a layout descriptor
  Seed group 11 (7p): SPLIT -> 3 groups [4, 2, 1]
    reason: layout-descriptor partition
Layout-descriptor partition: 6 splits

PHASE 4: Template Candidate Merging (top-section only)
----------------------------------------
Singletons before merge: 57

Starting: 80 total (23 clusters, 57 singletons)
Top-section merge gate: layout match (text=subsequence, visual=exact coverage bucket, representative-or-mode). Body split runs in Phase 5.

Merging (single-loop HAC)
  ✓ MERGE: -41 → 5  [sim: 100%]
      https://petrobras.com.br/usa → https://petrobras.com.br/en/quem-somos/complexo-boaventura
  ✓ MERGE: -38 → 5  [sim: 100%]
      https://petrobras.com.br/sitemap → https://petrobras.com.br/en/quem-somos/complexo-boaventura
  ✓ MERGE: -37 → 5  [sim: 100%]
      https://petrobras.com.br/seguranca-da-informacao → https://petrobras.com.br/en/quem-somos/complexo-boaventura
  ✓ MERGE: -33 → 5  [sim: 100%]
      https://petrobras.com.br/privacy-protection-personal-data → https://petrobras.com.br/en/quem-somos/complexo-boaventura
  ✓ MERGE: -32 → 5  [sim: 100%]
      https://petrobras.com.br/privacidade-protecao-de-dados → https://petrobras.com.br/en/quem-somos/complexo-boaventura
  ✓ MERGE: -23 → 5  [sim: 100%]
      https://petrobras.com.br/en/usa → https://petrobras.com.br/en/quem-somos/complexo-boaventura
  ✓ MERGE: -22 → 5  [sim: 100%]
      https://petrobras.com.br/en/transicao-energetica → https://petrobras.com.br/en/quem-somos/complexo-boaventura
  ✓ MERGE: -17 → 5  [sim: 100%]
      https://petrobras.com.br/en/privacy-protection-personal-data → https://petrobras.com.br/en/quem-somos/complexo-boaventura
  ✓ MERGE: -14 → 5  [sim: 100%]
      https://petrobras.com.br/en/negocios → https://petrobras.com.br/en/quem-somos/complexo-boaventura
  ✓ MERGE: -9 → 5  [sim: 100%]
      https://petrobras.com.br/en/colombia → https://petrobras.com.br/en/quem-somos/complexo-boaventura
  ✓ MERGE: -8 → 5  [sim: 100%]
      https://petrobras.com.br/en/bolivia → https://petrobras.com.br/en/colombia
  ✓ MERGE: -6 → 5  [sim: 100%]
      https://petrobras.com.br/colombia → https://petrobras.com.br/en/colombia
  ✓ MERGE: -3 → 5  [sim: 100%]
      https://petrobras.com.br/bolivia → https://petrobras.com.br/colombia
  ✓ MERGE: -2 → 5  [sim: 100%]
      https://petrobras.com.br/acessibilidade → https://petrobras.com.br/colombia
  ✓ MERGE: 1 → 5  [sim: 100%]
      https://petrobras.com.br/cultural/selecoes-publicas-culturais → https://petrobras.com.br/acessibilidade
  ✓ MERGE: 15 → 5  [sim: 100%]
      https://petrobras.com.br/en/quem-somos/assistencia-tecnica → https://petrobras.com.br/acessibilidade
  ✓ MERGE: 25 → 5  [sim: 100%]
      https://petrobras.com.br/en/sustentabilidade/solucoes-baseadas-na-natureza → https://petrobras.com.br/en/quem-somos/assistencia-tecnica
  ✓ MERGE: -29 → 16  [sim: 100%]
      https://petrobras.com.br/negocios → https://petrobras.com.br/quem-somos/oleo-basico-lubrificante
  ✓ MERGE: -5 → 16  [sim: 100%]
      https://petrobras.com.br/cap-convencional → https://petrobras.com.br/quem-somos/oleo-basico-lubrificante
  ✓ MERGE: -4 → 16  [sim: 100%]
      https://petrobras.com.br/bunker-vls-b24 → https://petrobras.com.br/quem-somos/oleo-basico-lubrificante
  ✓ MERGE: 3 → 16  [sim: 100%]
      https://petrobras.com.br/en/negocios/oferta-de-regaseificacao-de-gas → https://petrobras.com.br/quem-somos/oleo-basico-lubrificante
  ✓ MERGE: 6 → 16  [sim: 100%]
      https://petrobras.com.br/en/sustentabilidade/esporte-motor → https://petrobras.com.br/quem-somos/oleo-basico-lubrificante
  ✓ MERGE: -39 → 17  [sim: 100%]
      https://petrobras.com.br/sustentabilidade → https://petrobras.com.br/en/quem-somos/trajetoria
  ✓ MERGE: -36 → 17  [sim: 100%]
      https://petrobras.com.br/quem-somos → https://petrobras.com.br/en/quem-somos/trajetoria
  ✓ MERGE: -27 → 17  [sim: 100%]
      https://petrobras.com.br/inovacao-e-tecnologia → https://petrobras.com.br/en/quem-somos/trajetoria
  ✓ MERGE: -15 → 17  [sim: 100%]
      https://petrobras.com.br/en/ouvidoria → https://petrobras.com.br/en/quem-somos/trajetoria
  ✓ MERGE: -12 → 17  [sim: 100%]
      https://petrobras.com.br/en/inovacao-e-tecnologia → https://petrobras.com.br/en/quem-somos/trajetoria
  ✓ MERGE: -1 → 17  [sim: 100%]
      https://petrobras.com.br/ → https://petrobras.com.br/en/quem-somos/trajetoria
  ✓ MERGE: 13 → 17  [sim: 100%]
      https://petrobras.com.br/en/inovacao-e-tecnologia/inovacao-aberta → https://petrobras.com.br/
  ✓ MERGE: 27 → 17  [sim: 100%]
      https://petrobras.com.br/sustentabilidade/responsabilidade-social → https://petrobras.com.br/
  ✓ MERGE: 14 → 26  [sim: 100%]
      https://petrobras.com.br/en/negocios/oferta-escoamento-de-gas → https://petrobras.com.br/sustentabilidade/seguranca-meio-ambiente-saude
  ✓ MERGE: 19 → 26  [sim: 100%]
      https://petrobras.com.br/en/quem-somos/estagios → https://petrobras.com.br/sustentabilidade/seguranca-meio-ambiente-saude
  ✓ MERGE: -42 → 8  [sim: 100%]
      https://petrobras.com.br/web-stories → https://petrobras.com.br/privacidade-protecao-de-dados/candidato-em-concurso-publico
  ✓ MERGE: -35 → 8  [sim: 100%]
      https://petrobras.com.br/publico-interno-atual-empregado-atual-empregado-de-prestador-de-servico-aposentado-outros → https://petrobras.com.br/privacidade-protecao-de-dados/candidato-em-concurso-publico
  ✓ MERGE: 22 → 8  [sim: 100%]
      https://petrobras.com.br/en/quem-somos/novas-fronteiras → https://petrobras.com.br/privacidade-protecao-de-dados/candidato-em-concurso-publico
  ✓ MERGE: -26 → 2  [sim: 100%]
      https://petrobras.com.br/fale-conosco → https://petrobras.com.br/en/inovacao-e-tecnologia/centro-de-pesquisa
  ✓ MERGE: -11 → 2  [sim: 100%]
      https://petrobras.com.br/en/fale-conosco → https://petrobras.com.br/en/inovacao-e-tecnologia/centro-de-pesquisa
  ✓ MERGE: -19 → 18  [sim: 100%]
      https://petrobras.com.br/en/quem-somos → https://petrobras.com.br/en/quem-somos/carreiras
  ✓ MERGE: 20 → 18  [sim: 100%]
      https://petrobras.com.br/quem-somos/autonomia-e-renda → https://petrobras.com.br/en/quem-somos/carreiras
  ✓ MERGE: 29 → 18  [sim: 100%]
      https://petrobras.com.br/en/sustentabilidade/mudancas-climaticas → https://petrobras.com.br/quem-somos/autonomia-e-renda
  ✓ MERGE: 33 → 18  [sim: 100%]
      https://petrobras.com.br/sustentabilidade/dados-abertos → https://petrobras.com.br/quem-somos/autonomia-e-renda
  ✓ MERGE: 34 → 18  [sim: 100%]
      https://petrobras.com.br/sustentabilidade/meio-ambiente → https://petrobras.com.br/quem-somos/autonomia-e-renda
  ✓ MERGE: 9 → 11  [sim: 100%]
      https://petrobras.com.br/w/nossas-atividades/por-que-buscar-novas-reservas-de-petroleo-na-margem-equatorial-brasileira → https://petrobras.com.br/w/web-stories/transicao-energetica/como-alcancar-a-seguranca-energetica
  ✓ MERGE: 10 → 11  [sim: 100%]
      https://petrobras.com.br/w/web-stories/nossas-atividades/por-que-buscar-novas-reservas-de-petroleo-na-margem-equatorial-brasileira → https://petrobras.com.br/w/nossas-atividades/por-que-buscar-novas-reservas-de-petroleo-na-margem-equatorial-brasileira
  ✓ MERGE: 12 → 37  [sim: 100%]
      https://petrobras.com.br/w/webstories/sustentabilidade/transicao-energetica-na-pratica → https://petrobras.com.br/w/web-stories/transicao-energetica/os-caminhos-dos-biocombustiveis
  ✓ MERGE: -40 → -25  [sim: 100%]
      https://petrobras.com.br/transicao-energetica → https://petrobras.com.br/energia-em-transformacao
  ✓ MERGE: -10 → -25  [sim: 100%]
      https://petrobras.com.br/en/energia-em-transformacao → https://petrobras.com.br/energia-em-transformacao
  ✓ MERGE: -34 → -18  [sim: 100%]
      https://petrobras.com.br/produtos-mais-sustent%C3%A1veis → https://petrobras.com.br/en/produtos-mais-sustent%C3%A1veis
  ✓ MERGE: -31 → -16  [sim: 100%]
      https://petrobras.com.br/pre-sal → https://petrobras.com.br/en/pre-sal
  ✓ MERGE: 23 → -16  [sim: 100%]
      https://petrobras.com.br/en/quem-somos/produtos → https://petrobras.com.br/en/pre-sal
  ✓ MERGE: 30 → -16  [sim: 100%]
      https://petrobras.com.br/en/sustentabilidade/dados-abertos → https://petrobras.com.br/en/pre-sal
  ✓ MERGE: 36 → -16  [sim: 100%]
      https://petrobras.com.br/transicao-energetica/historias-em-quadrinhos → https://petrobras.com.br/en/pre-sal
  ✓ MERGE: -21 → 24  [sim: 100%]
      https://petrobras.com.br/en/sustentabilidade → https://petrobras.com.br/quem-somos/produtos
  53 merges total (converged)
  Assigning empty clusters to best top-section match

==================================================
MERGE SUMMARY
==================================================
Before: 80 clusters
After:  27 clusters (16 multi-page, 11 singletons)
Merged: 53 clusters (119 pages reassigned)
==================================================


PHASE 5: Family Body Split
----------------------------------------
  Family -30: 1p -> 1 template (pair_matches=0/0)
  Family -28: 1p -> 1 template (pair_matches=0/0)
  Family -25: 3p -> 1 template (pair_matches=2/2)
  Family -24: 1p -> 1 template (pair_matches=0/0)
  Family -20: 1p -> 1 template (pair_matches=0/0)
  Family -18: 2p -> 1 template (pair_matches=1/1)
  Family -16: 5p -> 1 template (pair_matches=4/4)
  Family -13: 1p -> 1 template (pair_matches=0/0)
  Family -7: 1p -> 1 template (pair_matches=0/0)
  Family 2: 6p -> 1 template (pair_matches=5/5)
  Family 4: 2p -> 1 template (pair_matches=1/1)
  Family 5: 107p -> 1 template (pair_matches=106/106)
  Family 7: 1p -> 1 template (pair_matches=0/0)
  Family 8: 9p -> 1 template (pair_matches=8/8)
  Family 11: 6p -> 1 template (pair_matches=0/0)
  Family 16: 39p -> 1 template (pair_matches=38/38)
  Family 17: 25p -> 1 template (pair_matches=24/24)
  Family 18: 11p -> 1 template (pair_matches=10/10)
  Family 21: 2p -> 1 template (pair_matches=1/1)
  Family 24: 2p -> 1 template (pair_matches=1/1)
  Family 26: 14p -> 1 template (pair_matches=13/13)
  Family 28: 2p -> 1 template (pair_matches=1/1)
  Family 31: 1p -> 1 template (pair_matches=0/0)
  Family 32: 1p -> 1 template (pair_matches=0/0)
  Family 35: 1p -> 1 template (pair_matches=0/0)
  Family 37: 3p -> 1 template (pair_matches=0/0)
  Family 38: 1p -> 1 template (pair_matches=0/0)

PHASE 6: Build Template Catalog
----------------------------------------
  Template candidate -30: 1p
  Template candidate -28: 1p
  Template candidate -25: 3p
  Template candidate -24: 1p
  Template candidate -20: 1p
  Template candidate -18: 2p
  Template candidate -16: 5p | representatives 2
  Template candidate -13: 1p
  Template candidate -7: 1p
  Template candidate 2: 6p | representatives 2
  Template candidate 4: 2p
  Template candidate 5: 107p | representatives 6
  Template candidate 7: 1p
  Template candidate 8: 9p | representatives 2
  Template candidate 11: 6p
  Template candidate 16: 39p | representatives 5
  Template candidate 17: 25p | representatives 3
  Template candidate 18: 11p | representatives 4
  Template candidate 21: 2p
  Template candidate 24: 2p | representatives 2
  Template candidate 26: 14p | representatives 4
  Template candidate 28: 2p
  Template candidate 31: 1p
  Template candidate 32: 1p
  Template candidate 35: 1p
  Template candidate 37: 3p
  Template candidate 38: 1p
Built 27 templates

PHASE 7: Saving Results
----------------------------------------
Saved: /workspace/catalog/.clusters/pages.templates.json
Saved: /workspace/catalog/.clusters/pages.templates.grouped.json
Saved: /workspace/catalog/.clusters/pages.templates.summary.json
Saved: /workspace/catalog/.template-catalog-scoped.json

PHASE 8: Template Report & Migration Bundle
----------------------------------------
  Report stats: 27 templates, 249 pages, 11 singletons, biggest family=107
  Wrote bundle: /workspace/catalog/template-catalog-report-bundle.zip

Session: AWAITING_TUNING

Template discovery complete: 27 templates, 11 singletons. Ready for tuning.
